---
source: crates/biome_cli/tests/snap_test.rs
expression: content
---
## `file.vue`

```vue
<template></template>
```

# Emitted Messages

```block
Formatted 0 file(s) in <TIME>; 1 file(s) are unchanged.
```


