---
source: crates/biome_cli/tests/snap_test.rs
expression: content
---
## `file.svelte`

```svelte
<div></div>
```

# Emitted Messages

```block
Formatted 0 file(s) in <TIME>; 1 file(s) are unchanged.
```


