---
source: crates/biome_cli/tests/snap_test.rs
expression: content
---
## `biome.json`

```json
{
  "linter": { "include": ["test.js", "test2.js"], "ignore": ["test.js"] }
}
```

## `test.js`

```js
(1 >= -0)
```

## `test2.js`

```js
(1 >= 0)
```

# Emitted Messages

```block
Checked 1 file(s) in <TIME>; 1 file(s) are changed, 0 file(s) are unchanged.
```


