---
source: crates/biome_cli/tests/snap_test.rs
expression: content
---
## `file.svelte`

```svelte
<script setup lang="ts">
import * as svelteUse from "svelte-use";
import Button from "./components/Button.svelte";
</script>
<div></div>
```

# Emitted Messages

```block
Checked 1 file(s) in <TIME>; 1 file(s) are changed, 0 file(s) are unchanged.
```


