---
source: crates/biome_cli/tests/snap_test.rs
expression: content
---
## `biome.json`

```json
{
  "overrides": [
    {
      "include": ["test.js"],
      "linter": {
        "rules": {
          "suspicious": {
            "noDebugger": "off"
          }
        }
      }
    }
  ]
}
```

## `test.js`

```js
debugger
```

## `test2.js`

```js

```

# Emitted Messages

```block
Checked 2 file(s) in <TIME>; 1 file(s) are changed, 1 file(s) are unchanged.
```


