---
source: crates/biome_cli/tests/snap_test.rs
expression: content
---
## `biome.json`

```json
{
  "linter": {
    "rules": {
      "suspicious": {
        "noDebugger": "off"
      }
    }
  },
  "overrides": [{ "include": ["test.js"], "formatter": { "enabled": false } }]
}
```

## `test.js`

```js
debugger
```

## `test2.js`

```js
debugger
```

# Emitted Messages

```block
Checked 2 file(s) in <TIME>; 0 file(s) are changed, 2 file(s) are unchanged.
```


