---
source: crates/biome_cli/tests/snap_test.rs
expression: content
---
## `biome.json`

```json
{ "organizeImports": { "enabled": true, "ignore": ["check.js"] } }
```

## `check.js`

```js
import { lorem, foom, bar } from "foo";
import * as something from "../something";

```

# Emitted Messages

```block
Checked 1 file(s) in <TIME>; 0 file(s) are changed, 1 file(s) are unchanged.
```


