---
source: crates/biome_cli/tests/snap_test.rs
expression: content
---
# Termination Message

```block
internalError/io ━━━━━━━━━━━━━━━━━━━━━━━━━━━━━━━━━━━━━━━━━━━━━━━━━━━━━━━━━━━━━━━━━━━━━━━━━━━━━━━━━━━

  × No files were processed in the specified paths.
  


```

# Emitted Messages

```block
test.js internalError/io  INTERNAL  ━━━━━━━━━━━━━━━━━━━━━━━━━━━━━━━━━━━━━━━━━━━━━━━━━━━━━━━━━━━━━━━━

  × cannot acquire write access to file in read-only filesystem
  
  ! This diagnostic was derived from an internal Biome error. Potential bug, please report it if necessary.
  

```

```block
Checked 1 file(s) in <TIME>; 0 file(s) are changed, 1 file(s) are unchanged.
```

```block
Skipped 1 file(s)
```


