---
source: crates/biome_cli/tests/snap_test.rs
expression: content
---
# Emitted Messages

```block
rome.json internalError/fs ━━━━━━━━━━━━━━━━━━━━━━━━━━━━━━━━━━━━━━━━━━━━━━━━━━━━━━━━━━━━━━━━━━━━━━━━━

  ! The configuration file rome.json is deprecated. Use biome.json instead.
  

```

```block
Checked 2 file(s) in <TIME>; 0 file(s) are changed, 2 file(s) are unchanged.
```


