---
source: crates/biome_cli/tests/snap_test.rs
expression: content
---
## `biome.jsonc`

```json
{
  // I am a comment
  "linter": {
    "enabled": false
  }
}
```

## `fix.js`

```js
1 >= -0;

```

# Emitted Messages

```block
Checked 1 file(s) in <TIME>; 1 file(s) are changed, 0 file(s) are unchanged.
```


