---
source: crates/biome_cli/tests/snap_test.rs
expression: content
---
## `file.astro`

```astro
---
import { Code } from "astro:components";
import { getLocale } from "astro:i18n";
---
<div></div>
```

# Emitted Messages

```block
Checked 1 file(s) in <TIME>; 1 file(s) are changed, 0 file(s) are unchanged.
```


