---
source: crates/biome_cli/tests/snap_test.rs
expression: content
---
## `biome.json`

```json
{
  "linter": {
    "rules": {
      "recommended": true,
      "suspicious": {
        "noDebugger": "off"
      }
    }
  }
}
```

## `fix.js`

```js
debugger;

```

# Emitted Messages

```block
Checked 1 file(s) in <TIME>; 1 file(s) are changed, 0 file(s) are unchanged.
```


