---
source: crates/biome_cli/tests/snap_test.rs
expression: content
---
## `fix.js`

```js
const a = 4;
console.log(a);

```

# Emitted Messages

```block
Checked 1 file(s) in <TIME>; 1 file(s) are changed, 0 file(s) are unchanged.
```


