---
source: crates/biome_cli/tests/snap_test.rs
expression: content
---
## `biome.json`

```json
{
  "linter": {
    "enabled": true,
    "ignore": ["test.js"]
  }
}
```

## `test.js`

```js
(1 >= -0)
```

# Termination Message

```block
internalError/io ━━━━━━━━━━━━━━━━━━━━━━━━━━━━━━━━━━━━━━━━━━━━━━━━━━━━━━━━━━━━━━━━━━━━━━━━━━━━━━━━━━━

  × No files were processed in the specified paths.
  


```

# Emitted Messages

```block
Checked 0 file(s) in <TIME>; 0 file(s) are changed, 0 file(s) are unchanged.
```


